{"line":1,"kind":"comment","text":"#!/bin/bash"}
{"line":3,"kind":"comment","text":"# Numbers"}
{"line":4,"kind":"constant.numeric","text":"42"}
{"line":5,"kind":"constant.numeric","text":"3.14"}
{"line":6,"kind":"constant.numeric","text":"-7"}
{"line":7,"kind":"constant.numeric","text":"0xFF"}
{"line":8,"kind":"constant.numeric","text":"0777"}
{"line":9,"kind":"constant.numeric","text":"2"}
{"line":9,"kind":"comment","text":"#1010"}
{"line":11,"kind":"comment","text":"# Constants"}
{"line":12,"kind":"constant.language","text":"true"}
{"line":13,"kind":"constant.language","text":"false"}
{"line":15,"kind":"comment","text":"# Single-quoted strings"}
{"line":16,"kind":"other","text":"echo "}
{"line":16,"kind":"string","text":"'hello world'"}
{"line":17,"kind":"other","text":"echo "}
{"line":17,"kind":"string","text":"'it'"}
{"line":17,"kind":"other","text":"\\"}
{"line":17,"kind":"string","text":"''"}
{"line":17,"kind":"other","text":"s a trap'"}
{"line":19,"kind":"comment","text":"# Double-quoted strings"}
{"line":20,"kind":"other","text":"echo "}
{"line":20,"kind":"string","text":"\"hello "}
{"line":20,"kind":"variable","text":"$USER"}
{"line":20,"kind":"string","text":"\""}
{"line":21,"kind":"other","text":"echo "}
{"line":21,"kind":"string","text":"\"home is "}
{"line":21,"kind":"variable","text":"${HOME}"}
{"line":21,"kind":"string","text":"\""}
{"line":22,"kind":"other","text":"echo "}
{"line":22,"kind":"string","text":"\"escaped \\$ and \\\" and \\\\\""}
{"line":23,"kind":"other","text":"echo "}
{"line":23,"kind":"string","text":"\"subshell: "}
{"line":23,"kind":"variable","text":"$(whoami)"}
{"line":23,"kind":"string","text":"\""}
{"line":24,"kind":"other","text":"echo "}
{"line":24,"kind":"string","text":"\"arithmetic: "}
{"line":24,"kind":"variable","text":"$((1 + 2))"}
{"line":24,"kind":"string","text":"\""}
{"line":25,"kind":"other","text":"echo "}
{"line":25,"kind":"string","text":"\"positional: "}
{"line":25,"kind":"variable","text":"$1"}
{"line":25,"kind":"string","text":" "}
{"line":25,"kind":"variable","text":"$#"}
{"line":25,"kind":"string","text":" "}
{"line":25,"kind":"variable","text":"$?"}
{"line":25,"kind":"string","text":" "}
{"line":25,"kind":"variable","text":"$!"}
{"line":25,"kind":"string","text":" "}
{"line":25,"kind":"variable","text":"$@"}
{"line":25,"kind":"string","text":" "}
{"line":25,"kind":"variable","text":"$0"}
{"line":25,"kind":"string","text":" "}
{"line":25,"kind":"variable","text":"$$"}
{"line":25,"kind":"string","text":" "}
{"line":25,"kind":"variable","text":"$-"}
{"line":25,"kind":"string","text":"\""}
{"line":27,"kind":"comment","text":"# ANSI-C quoting"}
{"line":28,"kind":"other","text":"echo "}
{"line":28,"kind":"string","text":"$'tab:\\there\\nnewline'"}
{"line":29,"kind":"other","text":"echo "}
{"line":29,"kind":"string","text":"$'escape sequences: \\a \\b \\e \\f \\r \\t \\v \\\\\\\\ \\''"}
{"line":31,"kind":"comment","text":"# Backtick interpolation"}
{"line":32,"kind":"other","text":"echo "}
{"line":32,"kind":"string","text":"\"today is `date +%Y-%m-%d`\""}
{"line":34,"kind":"comment","text":"# Control flow"}
{"line":35,"kind":"keyword.control","text":"if"}
{"line":35,"kind":"other","text":" [ -f /etc/passwd ]; "}
{"line":35,"kind":"keyword.control","text":"then"}
{"line":36,"kind":"other","text":"    echo "}
{"line":36,"kind":"string","text":"\"exists\""}
{"line":37,"kind":"keyword.control","text":"elif"}
{"line":37,"kind":"other","text":" [ -d /tmp ]; "}
{"line":37,"kind":"keyword.control","text":"then"}
{"line":38,"kind":"other","text":"    echo "}
{"line":38,"kind":"string","text":"\"tmp exists\""}
{"line":39,"kind":"keyword.control","text":"else"}
{"line":40,"kind":"other","text":"    echo "}
{"line":40,"kind":"string","text":"\"neither\""}
{"line":41,"kind":"keyword.control","text":"fi"}
{"line":43,"kind":"keyword.control","text":"for"}
{"line":43,"kind":"other","text":" i "}
{"line":43,"kind":"keyword.control","text":"in"}
{"line":43,"kind":"other","text":" "}
{"line":43,"kind":"constant.numeric","text":"1"}
{"line":43,"kind":"other","text":" "}
{"line":43,"kind":"constant.numeric","text":"2"}
{"line":43,"kind":"other","text":" "}
{"line":43,"kind":"constant.numeric","text":"3"}
{"line":43,"kind":"other","text":"; "}
{"line":43,"kind":"keyword.control","text":"do"}
{"line":44,"kind":"other","text":"    echo "}
{"line":44,"kind":"string","text":"\""}
{"line":44,"kind":"variable","text":"$i"}
{"line":44,"kind":"string","text":"\""}
{"line":45,"kind":"other","text":"    "}
{"line":45,"kind":"keyword.control","text":"continue"}
{"line":46,"kind":"keyword.control","text":"done"}
{"line":48,"kind":"keyword.control","text":"for"}
{"line":48,"kind":"other","text":" ((i = "}
{"line":48,"kind":"constant.numeric","text":"0"}
{"line":48,"kind":"other","text":"; i < "}
{"line":48,"kind":"constant.numeric","text":"3"}
{"line":48,"kind":"other","text":"; i++)); "}
{"line":48,"kind":"keyword.control","text":"do"}
{"line":49,"kind":"other","text":"    "}
{"line":49,"kind":"keyword.control","text":"break"}
{"line":50,"kind":"keyword.control","text":"done"}
{"line":52,"kind":"keyword.control","text":"while"}
{"line":52,"kind":"other","text":" "}
{"line":52,"kind":"constant.language","text":"true"}
{"line":52,"kind":"other","text":"; "}
{"line":52,"kind":"keyword.control","text":"do"}
{"line":53,"kind":"other","text":"    "}
{"line":53,"kind":"keyword.control","text":"break"}
{"line":54,"kind":"keyword.control","text":"done"}
{"line":56,"kind":"keyword.control","text":"until"}
{"line":56,"kind":"other","text":" "}
{"line":56,"kind":"constant.language","text":"false"}
{"line":56,"kind":"other","text":"; "}
{"line":56,"kind":"keyword.control","text":"do"}
{"line":57,"kind":"other","text":"    "}
{"line":57,"kind":"keyword.control","text":"break"}
{"line":58,"kind":"keyword.control","text":"done"}
{"line":60,"kind":"keyword.control","text":"case"}
{"line":60,"kind":"other","text":" "}
{"line":60,"kind":"string","text":"\""}
{"line":60,"kind":"variable","text":"$1"}
{"line":60,"kind":"string","text":"\""}
{"line":60,"kind":"other","text":" "}
{"line":60,"kind":"keyword.control","text":"in"}
{"line":61,"kind":"other","text":"    start) echo "}
{"line":61,"kind":"string","text":"\"starting\""}
{"line":61,"kind":"other","text":" ;;"}
{"line":62,"kind":"other","text":"    stop)  echo "}
{"line":62,"kind":"string","text":"\"stopping\""}
{"line":62,"kind":"other","text":" ;;"}
{"line":63,"kind":"other","text":"    *)     echo "}
{"line":63,"kind":"string","text":"\"unknown\""}
{"line":63,"kind":"other","text":"  ;;"}
{"line":64,"kind":"keyword.control","text":"esac"}
{"line":66,"kind":"keyword.control","text":"select"}
{"line":66,"kind":"other","text":" opt "}
{"line":66,"kind":"keyword.control","text":"in"}
{"line":66,"kind":"other","text":" "}
{"line":66,"kind":"string","text":"\"yes\""}
{"line":66,"kind":"other","text":" "}
{"line":66,"kind":"string","text":"\"no\""}
{"line":66,"kind":"other","text":" "}
{"line":66,"kind":"string","text":"\"quit\""}
{"line":66,"kind":"other","text":"; "}
{"line":66,"kind":"keyword.control","text":"do"}
{"line":67,"kind":"other","text":"    echo "}
{"line":67,"kind":"string","text":"\""}
{"line":67,"kind":"variable","text":"$opt"}
{"line":67,"kind":"string","text":"\""}
{"line":68,"kind":"other","text":"    "}
{"line":68,"kind":"keyword.control","text":"break"}
{"line":69,"kind":"keyword.control","text":"done"}
{"line":71,"kind":"keyword.control","text":"time"}
{"line":71,"kind":"other","text":" ls -la"}
{"line":73,"kind":"comment","text":"# Test expressions"}
{"line":74,"kind":"other","text":"[ -f /etc/passwd ]"}
{"line":75,"kind":"other","text":"[ -d /tmp ]"}
{"line":76,"kind":"other","text":"[ -z "}
{"line":76,"kind":"string","text":"\""}
{"line":76,"kind":"variable","text":"$var"}
{"line":76,"kind":"string","text":"\""}
{"line":76,"kind":"other","text":" ]"}
{"line":77,"kind":"other","text":"[ -n "}
{"line":77,"kind":"string","text":"\""}
{"line":77,"kind":"variable","text":"$var"}
{"line":77,"kind":"string","text":"\""}
{"line":77,"kind":"other","text":" ]"}
{"line":78,"kind":"other","text":"[ "}
{"line":78,"kind":"string","text":"\""}
{"line":78,"kind":"variable","text":"$a"}
{"line":78,"kind":"string","text":"\""}
{"line":78,"kind":"other","text":" = "}
{"line":78,"kind":"string","text":"\""}
{"line":78,"kind":"variable","text":"$b"}
{"line":78,"kind":"string","text":"\""}
{"line":78,"kind":"other","text":" ]"}
{"line":79,"kind":"other","text":"[ "}
{"line":79,"kind":"string","text":"\""}
{"line":79,"kind":"variable","text":"$a"}
{"line":79,"kind":"string","text":"\""}
{"line":79,"kind":"other","text":" != "}
{"line":79,"kind":"string","text":"\""}
{"line":79,"kind":"variable","text":"$b"}
{"line":79,"kind":"string","text":"\""}
{"line":79,"kind":"other","text":" ]"}
{"line":80,"kind":"other","text":"[ "}
{"line":80,"kind":"string","text":"\""}
{"line":80,"kind":"variable","text":"$a"}
{"line":80,"kind":"string","text":"\""}
{"line":80,"kind":"other","text":" -eq "}
{"line":80,"kind":"constant.numeric","text":"1"}
{"line":80,"kind":"other","text":" ]"}
{"line":81,"kind":"other","text":"[ "}
{"line":81,"kind":"string","text":"\""}
{"line":81,"kind":"variable","text":"$a"}
{"line":81,"kind":"string","text":"\""}
{"line":81,"kind":"other","text":" -ne "}
{"line":81,"kind":"constant.numeric","text":"2"}
{"line":81,"kind":"other","text":" ]"}
{"line":82,"kind":"other","text":"[ "}
{"line":82,"kind":"string","text":"\""}
{"line":82,"kind":"variable","text":"$a"}
{"line":82,"kind":"string","text":"\""}
{"line":82,"kind":"other","text":" -lt "}
{"line":82,"kind":"constant.numeric","text":"3"}
{"line":82,"kind":"other","text":" ]"}
{"line":83,"kind":"other","text":"[ "}
{"line":83,"kind":"string","text":"\""}
{"line":83,"kind":"variable","text":"$a"}
{"line":83,"kind":"string","text":"\""}
{"line":83,"kind":"other","text":" -gt "}
{"line":83,"kind":"constant.numeric","text":"4"}
{"line":83,"kind":"other","text":" ]"}
{"line":84,"kind":"other","text":"[ "}
{"line":84,"kind":"string","text":"\""}
{"line":84,"kind":"variable","text":"$a"}
{"line":84,"kind":"string","text":"\""}
{"line":84,"kind":"other","text":" -le "}
{"line":84,"kind":"constant.numeric","text":"5"}
{"line":84,"kind":"other","text":" ]"}
{"line":85,"kind":"other","text":"[ "}
{"line":85,"kind":"string","text":"\""}
{"line":85,"kind":"variable","text":"$a"}
{"line":85,"kind":"string","text":"\""}
{"line":85,"kind":"other","text":" -ge "}
{"line":85,"kind":"constant.numeric","text":"6"}
{"line":85,"kind":"other","text":" ]"}
{"line":86,"kind":"other","text":"[[ "}
{"line":86,"kind":"string","text":"\""}
{"line":86,"kind":"variable","text":"$name"}
{"line":86,"kind":"string","text":"\""}
{"line":86,"kind":"other","text":" == *.txt ]]"}
{"line":87,"kind":"other","text":"[[ "}
{"line":87,"kind":"string","text":"\""}
{"line":87,"kind":"variable","text":"$name"}
{"line":87,"kind":"string","text":"\""}
{"line":87,"kind":"other","text":" =~ ^["}
{"line":87,"kind":"constant.numeric","text":"0"}
{"line":87,"kind":"constant.numeric","text":"-9"}
{"line":87,"kind":"other","text":"]+$ ]]"}
{"line":88,"kind":"other","text":"[[ -f /etc/passwd && -d /tmp ]]"}
{"line":89,"kind":"other","text":"[[ -f /etc/passwd || -d /tmp ]]"}
{"line":91,"kind":"comment","text":"# Heredocs"}
{"line":92,"kind":"other","text":"cat <<EOF"}
{"line":93,"kind":"string","text":"Hello $USER"}
{"line":94,"kind":"string","text":"Your shell is $SHELL"}
{"line":95,"kind":"other","text":"EOF"}
{"line":97,"kind":"other","text":"cat <<'EOF'"}
{"line":98,"kind":"string","text":"No $interpolation here"}
{"line":99,"kind":"other","text":"EOF"}
{"line":101,"kind":"other","text":"cat <<-EOF"}
{"line":102,"kind":"string","text":"\tIndented heredoc (tabs stripped)"}
{"line":103,"kind":"other","text":"EOF"}
{"line":105,"kind":"comment","text":"# Herestrings"}
{"line":106,"kind":"other","text":"cat <<< "}
{"line":106,"kind":"string","text":"\"hello world\""}
{"line":107,"kind":"other","text":"cat <<< "}
{"line":107,"kind":"string","text":"'no interpolation'"}
{"line":108,"kind":"other","text":"cat <<< "}
{"line":108,"kind":"variable","text":"$name"}
{"line":110,"kind":"comment","text":"# Variables"}
{"line":111,"kind":"other","text":"name="}
{"line":111,"kind":"string","text":"\"world\""}
{"line":112,"kind":"other","text":"echo "}
{"line":112,"kind":"variable","text":"$name"}
{"line":113,"kind":"other","text":"echo "}
{"line":113,"kind":"variable","text":"${name}"}
{"line":114,"kind":"other","text":"echo "}
{"line":114,"kind":"variable","text":"${name:-default}"}
{"line":115,"kind":"other","text":"echo "}
{"line":115,"kind":"variable","text":"${name:=fallback}"}
{"line":116,"kind":"other","text":"echo "}
{"line":116,"kind":"variable","text":"${name:+alternate}"}
{"line":117,"kind":"other","text":"echo "}
{"line":117,"kind":"variable","text":"${name:?error}"}
{"line":118,"kind":"other","text":"echo "}
{"line":118,"kind":"variable","text":"${#name}"}
{"line":119,"kind":"other","text":"echo "}
{"line":119,"kind":"variable","text":"${name%.*}"}
{"line":120,"kind":"other","text":"echo "}
{"line":120,"kind":"variable","text":"${name%%.*}"}
{"line":121,"kind":"other","text":"echo "}
{"line":121,"kind":"variable","text":"${name#*/}"}
{"line":122,"kind":"other","text":"echo "}
{"line":122,"kind":"variable","text":"${name##*/}"}
{"line":123,"kind":"other","text":"echo "}
{"line":123,"kind":"variable","text":"${name/old/new}"}
{"line":124,"kind":"other","text":"echo "}
{"line":124,"kind":"variable","text":"${name//old/new}"}
{"line":125,"kind":"other","text":"array=(one two three)"}
{"line":126,"kind":"other","text":"echo "}
{"line":126,"kind":"variable","text":"${array[0]}"}
{"line":127,"kind":"other","text":"echo "}
{"line":127,"kind":"variable","text":"${array[@]}"}
{"line":128,"kind":"other","text":"echo "}
{"line":128,"kind":"variable","text":"${!array[@]}"}
{"line":129,"kind":"other","text":"echo "}
{"line":129,"kind":"variable","text":"${#array[@]}"}
{"line":131,"kind":"comment","text":"# Arithmetic"}
{"line":132,"kind":"other","text":"echo "}
{"line":132,"kind":"variable","text":"$((2 + 3))"}
{"line":133,"kind":"other","text":"echo "}
{"line":133,"kind":"variable","text":"$((a * b))"}
{"line":134,"kind":"other","text":"(( count++ ))"}
{"line":135,"kind":"other","text":"(( x = "}
{"line":135,"kind":"constant.numeric","text":"5"}
{"line":135,"kind":"other","text":", y = "}
{"line":135,"kind":"constant.numeric","text":"10"}
{"line":135,"kind":"other","text":" ))"}
{"line":136,"kind":"other","text":"(( x <<= "}
{"line":136,"kind":"constant.numeric","text":"2"}
{"line":136,"kind":"other","text":" ))"}
{"line":137,"kind":"other","text":"(( x >>= "}
{"line":137,"kind":"constant.numeric","text":"1"}
{"line":137,"kind":"other","text":" ))"}
{"line":138,"kind":"other","text":"(( x &= "}
{"line":138,"kind":"constant.numeric","text":"0xFF"}
{"line":138,"kind":"other","text":" ))"}
{"line":140,"kind":"comment","text":"# Redirections"}
{"line":141,"kind":"other","text":"echo "}
{"line":141,"kind":"string","text":"\"out\""}
{"line":141,"kind":"other","text":" > /dev/null"}
{"line":142,"kind":"other","text":"echo "}
{"line":142,"kind":"string","text":"\"append\""}
{"line":142,"kind":"other","text":" >> /tmp/log"}
{"line":143,"kind":"other","text":"cat < /etc/passwd"}
{"line":144,"kind":"other","text":"echo "}
{"line":144,"kind":"string","text":"\"stderr\""}
{"line":144,"kind":"other","text":" "}
{"line":144,"kind":"constant.numeric","text":"2"}
{"line":144,"kind":"other","text":"> /dev/null"}
{"line":145,"kind":"other","text":"echo "}
{"line":145,"kind":"string","text":"\"both\""}
{"line":145,"kind":"other","text":" &> /dev/null"}
{"line":146,"kind":"other","text":"echo "}
{"line":146,"kind":"string","text":"\"dup\""}
{"line":146,"kind":"other","text":" "}
{"line":146,"kind":"constant.numeric","text":"2"}
{"line":146,"kind":"other","text":">&"}
{"line":146,"kind":"constant.numeric","text":"1"}
{"line":147,"kind":"other","text":"exec "}
{"line":147,"kind":"constant.numeric","text":"3"}
{"line":147,"kind":"other","text":"<> /tmp/fd3"}
{"line":149,"kind":"comment","text":"# Process substitution"}
{"line":150,"kind":"other","text":"diff <(ls /bin) <(ls /usr/bin)"}
{"line":151,"kind":"other","text":"tee >(grep error > errors.log) > /dev/null"}
{"line":153,"kind":"comment","text":"# Pipelines and logical operators"}
{"line":154,"kind":"other","text":"echo hello | cat"}
{"line":155,"kind":"other","text":"echo hello |& cat"}
{"line":156,"kind":"other","text":"ls && echo ok"}
{"line":157,"kind":"other","text":"ls || echo fail"}
{"line":158,"kind":"other","text":"sleep "}
{"line":158,"kind":"constant.numeric","text":"10"}
{"line":158,"kind":"other","text":" &"}
{"line":160,"kind":"comment","text":"# Subshells and group commands"}
{"line":161,"kind":"other","text":"(cd /tmp && ls)"}
{"line":162,"kind":"other","text":"{ echo one; echo two; }"}
{"line":164,"kind":"comment","text":"# Extended globbing"}
{"line":165,"kind":"other","text":"shopt -s extglob"}
{"line":166,"kind":"other","text":"ls *.txt"}
{"line":167,"kind":"other","text":"ls ?(a|b)"}
{"line":168,"kind":"other","text":"ls *(a|b)"}
{"line":169,"kind":"other","text":"ls +(a|b)"}
{"line":170,"kind":"other","text":"ls @(a|b)"}
{"line":171,"kind":"other","text":"ls !(a|b)"}
{"line":172,"kind":"other","text":"echo ~"}
{"line":174,"kind":"comment","text":"# Other keywords"}
{"line":175,"kind":"keyword.other","text":"export"}
{"line":175,"kind":"other","text":" PATH="}
{"line":175,"kind":"string","text":"\"/usr/local/bin:"}
{"line":175,"kind":"variable","text":"$PATH"}
{"line":175,"kind":"string","text":"\""}
{"line":176,"kind":"keyword.other","text":"local"}
{"line":176,"kind":"other","text":" count="}
{"line":176,"kind":"constant.numeric","text":"0"}
{"line":177,"kind":"keyword.other","text":"readonly"}
{"line":177,"kind":"other","text":" PI="}
{"line":177,"kind":"constant.numeric","text":"3"}
{"line":178,"kind":"keyword.other","text":"declare"}
{"line":178,"kind":"other","text":" -a arr=("}
{"line":178,"kind":"constant.numeric","text":"1"}
{"line":178,"kind":"other","text":" "}
{"line":178,"kind":"constant.numeric","text":"2"}
{"line":178,"kind":"other","text":" "}
{"line":178,"kind":"constant.numeric","text":"3"}
{"line":178,"kind":"other","text":")"}
{"line":179,"kind":"keyword.other","text":"declare"}
{"line":179,"kind":"other","text":" -A map=([key]=value)"}
{"line":180,"kind":"keyword.other","text":"typeset"}
{"line":180,"kind":"other","text":" -i num="}
{"line":180,"kind":"constant.numeric","text":"42"}
{"line":181,"kind":"keyword.other","text":"alias"}
{"line":181,"kind":"other","text":" ll="}
{"line":181,"kind":"string","text":"'ls -la'"}
{"line":182,"kind":"keyword.other","text":"source"}
{"line":182,"kind":"other","text":" /dev/null"}
{"line":183,"kind":"other","text":". /dev/null"}
{"line":185,"kind":"comment","text":"# Builtins"}
{"line":186,"kind":"other","text":"eval "}
{"line":186,"kind":"string","text":"'echo hello'"}
{"line":187,"kind":"other","text":"exec /bin/bash"}
{"line":188,"kind":"other","text":"trap "}
{"line":188,"kind":"string","text":"'echo bye'"}
{"line":188,"kind":"other","text":" EXIT"}
{"line":189,"kind":"other","text":"test -f /etc/passwd"}
{"line":190,"kind":"other","text":"read -r line"}
{"line":191,"kind":"other","text":"printf "}
{"line":191,"kind":"string","text":"\"%s\\n\""}
{"line":191,"kind":"other","text":" "}
{"line":191,"kind":"string","text":"\"hello\""}
{"line":192,"kind":"other","text":"wait "}
{"line":192,"kind":"variable","text":"$!"}
{"line":193,"kind":"other","text":"kill "}
{"line":193,"kind":"constant.numeric","text":"-9"}
{"line":193,"kind":"other","text":" "}
{"line":193,"kind":"variable","text":"$$"}
{"line":194,"kind":"other","text":"jobs -l"}
{"line":195,"kind":"other","text":"fg %"}
{"line":195,"kind":"constant.numeric","text":"1"}
{"line":196,"kind":"other","text":"bg %"}
{"line":196,"kind":"constant.numeric","text":"1"}
{"line":197,"kind":"other","text":"cd /tmp"}
{"line":198,"kind":"other","text":"pwd"}
{"line":199,"kind":"other","text":"set -euo pipefail"}
{"line":200,"kind":"other","text":"unset name"}
{"line":201,"kind":"other","text":"shift"}
{"line":202,"kind":"other","text":"getopts "}
{"line":202,"kind":"string","text":"\"ab:\""}
{"line":202,"kind":"other","text":" opt"}
{"line":203,"kind":"other","text":"command ls"}
{"line":204,"kind":"other","text":"builtin echo"}
{"line":205,"kind":"other","text":"type ls"}
{"line":206,"kind":"other","text":"hash -r"}
{"line":207,"kind":"other","text":"ulimit -n"}
{"line":208,"kind":"other","text":"umask "}
{"line":208,"kind":"constant.numeric","text":"022"}
{"line":209,"kind":"other","text":"dirs"}
{"line":210,"kind":"other","text":"pushd /tmp"}
{"line":211,"kind":"other","text":"popd"}
{"line":212,"kind":"other","text":"disown %"}
{"line":212,"kind":"constant.numeric","text":"1"}
{"line":213,"kind":"other","text":"let "}
{"line":213,"kind":"string","text":"\"x = 1 + 2\""}
{"line":214,"kind":"other","text":"exit "}
{"line":214,"kind":"constant.numeric","text":"0"}
{"line":216,"kind":"comment","text":"# Functions"}
{"line":217,"kind":"keyword.other","text":"function "}
{"line":217,"kind":"method","text":"greet"}
{"line":217,"kind":"other","text":"() {"}
{"line":218,"kind":"other","text":"    "}
{"line":218,"kind":"keyword.other","text":"local"}
{"line":218,"kind":"other","text":" who="}
{"line":218,"kind":"string","text":"\""}
{"line":218,"kind":"variable","text":"${1:-world}"}
{"line":218,"kind":"string","text":"\""}
{"line":219,"kind":"other","text":"    echo "}
{"line":219,"kind":"string","text":"\"Hello, "}
{"line":219,"kind":"variable","text":"$who"}
{"line":219,"kind":"string","text":"\""}
{"line":220,"kind":"other","text":"    "}
{"line":220,"kind":"keyword.control","text":"return"}
{"line":220,"kind":"other","text":" "}
{"line":220,"kind":"constant.numeric","text":"0"}
{"line":221,"kind":"other","text":"}"}
{"line":223,"kind":"method","text":"cleanup"}
{"line":223,"kind":"other","text":"() {"}
{"line":224,"kind":"other","text":"    echo "}
{"line":224,"kind":"string","text":"\"done\""}
{"line":225,"kind":"other","text":"}"}
{"line":227,"kind":"other","text":"greet "}
{"line":227,"kind":"string","text":"\"shell\""}
{"line":228,"kind":"other","text":"cleanup"}
