   1 comment                #!/bin/bash
   3 comment                # Numbers
   4 constant.numeric       42
   5 constant.numeric       3.14
   6 constant.numeric       -7
   7 constant.numeric       0xFF
   8 constant.numeric       0777
   9 constant.numeric       2
   9 comment                #1010
  11 comment                # Constants
  12 constant.language      true
  13 constant.language      false
  15 comment                # Single-quoted strings
  16 other                  echo 
  16 string                 'hello world'
  17 other                  echo 
  17 string                 'it'
  17 other                  \\
  17 string                 ''
  17 other                  s a trap'
  19 comment                # Double-quoted strings
  20 other                  echo 
  20 string                 "hello 
  20 variable               $USER
  20 string                 "
  21 other                  echo 
  21 string                 "home is 
  21 variable               ${HOME}
  21 string                 "
  22 other                  echo 
  22 string                 "escaped \\$ and \\" and \\\\"
  23 other                  echo 
  23 string                 "subshell: 
  23 variable               $(whoami)
  23 string                 "
  24 other                  echo 
  24 string                 "arithmetic: 
  24 variable               $((1 + 2))
  24 string                 "
  25 other                  echo 
  25 string                 "positional: 
  25 variable               $1
  25 string                  
  25 variable               $#
  25 string                  
  25 variable               $?
  25 string                  
  25 variable               $!
  25 string                  
  25 variable               $@
  25 string                  
  25 variable               $0
  25 string                  
  25 variable               $$
  25 string                  
  25 variable               $-
  25 string                 "
  27 comment                # ANSI-C quoting
  28 other                  echo 
  28 string                 $'tab:\\there\\nnewline'
  29 other                  echo 
  29 string                 $'escape sequences: \\a \\b \\e \\f \\r \\t \\v \\\\\\\\ \\''
  31 comment                # Backtick interpolation
  32 other                  echo 
  32 string                 "today is `date +%Y-%m-%d`"
  34 comment                # Control flow
  35 keyword.control        if
  35 other                   [ -f /etc/passwd ]; 
  35 keyword.control        then
  36 other                      echo 
  36 string                 "exists"
  37 keyword.control        elif
  37 other                   [ -d /tmp ]; 
  37 keyword.control        then
  38 other                      echo 
  38 string                 "tmp exists"
  39 keyword.control        else
  40 other                      echo 
  40 string                 "neither"
  41 keyword.control        fi
  43 keyword.control        for
  43 other                   i 
  43 keyword.control        in
  43 other                   
  43 constant.numeric       1
  43 other                   
  43 constant.numeric       2
  43 other                   
  43 constant.numeric       3
  43 other                  ; 
  43 keyword.control        do
  44 other                      echo 
  44 string                 "
  44 variable               $i
  44 string                 "
  45 other                      
  45 keyword.control        continue
  46 keyword.control        done
  48 keyword.control        for
  48 other                   ((i = 
  48 constant.numeric       0
  48 other                  ; i < 
  48 constant.numeric       3
  48 other                  ; i++)); 
  48 keyword.control        do
  49 other                      
  49 keyword.control        break
  50 keyword.control        done
  52 keyword.control        while
  52 other                   
  52 constant.language      true
  52 other                  ; 
  52 keyword.control        do
  53 other                      
  53 keyword.control        break
  54 keyword.control        done
  56 keyword.control        until
  56 other                   
  56 constant.language      false
  56 other                  ; 
  56 keyword.control        do
  57 other                      
  57 keyword.control        break
  58 keyword.control        done
  60 keyword.control        case
  60 other                   
  60 string                 "
  60 variable               $1
  60 string                 "
  60 other                   
  60 keyword.control        in
  61 other                      start) echo 
  61 string                 "starting"
  61 other                   ;;
  62 other                      stop)  echo 
  62 string                 "stopping"
  62 other                   ;;
  63 other                      *)     echo 
  63 string                 "unknown"
  63 other                    ;;
  64 keyword.control        esac
  66 keyword.control        select
  66 other                   opt 
  66 keyword.control        in
  66 other                   
  66 string                 "yes"
  66 other                   
  66 string                 "no"
  66 other                   
  66 string                 "quit"
  66 other                  ; 
  66 keyword.control        do
  67 other                      echo 
  67 string                 "
  67 variable               $opt
  67 string                 "
  68 other                      
  68 keyword.control        break
  69 keyword.control        done
  71 keyword.control        time
  71 other                   ls -la
  73 comment                # Test expressions
  74 other                  [ -f /etc/passwd ]
  75 other                  [ -d /tmp ]
  76 other                  [ -z 
  76 string                 "
  76 variable               $var
  76 string                 "
  76 other                   ]
  77 other                  [ -n 
  77 string                 "
  77 variable               $var
  77 string                 "
  77 other                   ]
  78 other                  [ 
  78 string                 "
  78 variable               $a
  78 string                 "
  78 other                   = 
  78 string                 "
  78 variable               $b
  78 string                 "
  78 other                   ]
  79 other                  [ 
  79 string                 "
  79 variable               $a
  79 string                 "
  79 other                   != 
  79 string                 "
  79 variable               $b
  79 string                 "
  79 other                   ]
  80 other                  [ 
  80 string                 "
  80 variable               $a
  80 string                 "
  80 other                   -eq 
  80 constant.numeric       1
  80 other                   ]
  81 other                  [ 
  81 string                 "
  81 variable               $a
  81 string                 "
  81 other                   -ne 
  81 constant.numeric       2
  81 other                   ]
  82 other                  [ 
  82 string                 "
  82 variable               $a
  82 string                 "
  82 other                   -lt 
  82 constant.numeric       3
  82 other                   ]
  83 other                  [ 
  83 string                 "
  83 variable               $a
  83 string                 "
  83 other                   -gt 
  83 constant.numeric       4
  83 other                   ]
  84 other                  [ 
  84 string                 "
  84 variable               $a
  84 string                 "
  84 other                   -le 
  84 constant.numeric       5
  84 other                   ]
  85 other                  [ 
  85 string                 "
  85 variable               $a
  85 string                 "
  85 other                   -ge 
  85 constant.numeric       6
  85 other                   ]
  86 other                  [[ 
  86 string                 "
  86 variable               $name
  86 string                 "
  86 other                   == *.txt ]]
  87 other                  [[ 
  87 string                 "
  87 variable               $name
  87 string                 "
  87 other                   =~ ^[
  87 constant.numeric       0
  87 constant.numeric       -9
  87 other                  ]+$ ]]
  88 other                  [[ -f /etc/passwd && -d /tmp ]]
  89 other                  [[ -f /etc/passwd || -d /tmp ]]
  91 comment                # Heredocs
  92 other                  cat <<EOF
  93 string                 Hello $USER
  94 string                 Your shell is $SHELL
  95 other                  EOF
  97 other                  cat <<'EOF'
  98 string                 No $interpolation here
  99 other                  EOF
 101 other                  cat <<-EOF
 102 string                 \tIndented heredoc (tabs stripped)
 103 other                  EOF
 105 comment                # Herestrings
 106 other                  cat <<< 
 106 string                 "hello world"
 107 other                  cat <<< 
 107 string                 'no interpolation'
 108 other                  cat <<< 
 108 variable               $name
 110 comment                # Variables
 111 other                  name=
 111 string                 "world"
 112 other                  echo 
 112 variable               $name
 113 other                  echo 
 113 variable               ${name}
 114 other                  echo 
 114 variable               ${name:-default}
 115 other                  echo 
 115 variable               ${name:=fallback}
 116 other                  echo 
 116 variable               ${name:+alternate}
 117 other                  echo 
 117 variable               ${name:?error}
 118 other                  echo 
 118 variable               ${#name}
 119 other                  echo 
 119 variable               ${name%.*}
 120 other                  echo 
 120 variable               ${name%%.*}
 121 other                  echo 
 121 variable               ${name#*/}
 122 other                  echo 
 122 variable               ${name##*/}
 123 other                  echo 
 123 variable               ${name/old/new}
 124 other                  echo 
 124 variable               ${name//old/new}
 125 other                  array=(one two three)
 126 other                  echo 
 126 variable               ${array[0]}
 127 other                  echo 
 127 variable               ${array[@]}
 128 other                  echo 
 128 variable               ${!array[@]}
 129 other                  echo 
 129 variable               ${#array[@]}
 131 comment                # Arithmetic
 132 other                  echo 
 132 variable               $((2 + 3))
 133 other                  echo 
 133 variable               $((a * b))
 134 other                  (( count++ ))
 135 other                  (( x = 
 135 constant.numeric       5
 135 other                  , y = 
 135 constant.numeric       10
 135 other                   ))
 136 other                  (( x <<= 
 136 constant.numeric       2
 136 other                   ))
 137 other                  (( x >>= 
 137 constant.numeric       1
 137 other                   ))
 138 other                  (( x &= 
 138 constant.numeric       0xFF
 138 other                   ))
 140 comment                # Redirections
 141 other                  echo 
 141 string                 "out"
 141 other                   > /dev/null
 142 other                  echo 
 142 string                 "append"
 142 other                   >> /tmp/log
 143 other                  cat < /etc/passwd
 144 other                  echo 
 144 string                 "stderr"
 144 other                   
 144 constant.numeric       2
 144 other                  > /dev/null
 145 other                  echo 
 145 string                 "both"
 145 other                   &> /dev/null
 146 other                  echo 
 146 string                 "dup"
 146 other                   
 146 constant.numeric       2
 146 other                  >&
 146 constant.numeric       1
 147 other                  exec 
 147 constant.numeric       3
 147 other                  <> /tmp/fd3
 149 comment                # Process substitution
 150 other                  diff <(ls /bin) <(ls /usr/bin)
 151 other                  tee >(grep error > errors.log) > /dev/null
 153 comment                # Pipelines and logical operators
 154 other                  echo hello | cat
 155 other                  echo hello |& cat
 156 other                  ls && echo ok
 157 other                  ls || echo fail
 158 other                  sleep 
 158 constant.numeric       10
 158 other                   &
 160 comment                # Subshells and group commands
 161 other                  (cd /tmp && ls)
 162 other                  { echo one; echo two; }
 164 comment                # Extended globbing
 165 other                  shopt -s extglob
 166 other                  ls *.txt
 167 other                  ls ?(a|b)
 168 other                  ls *(a|b)
 169 other                  ls +(a|b)
 170 other                  ls @(a|b)
 171 other                  ls !(a|b)
 172 other                  echo ~
 174 comment                # Other keywords
 175 keyword.other          export
 175 other                   PATH=
 175 string                 "/usr/local/bin:
 175 variable               $PATH
 175 string                 "
 176 keyword.other          local
 176 other                   count=
 176 constant.numeric       0
 177 keyword.other          readonly
 177 other                   PI=
 177 constant.numeric       3
 178 keyword.other          declare
 178 other                   -a arr=(
 178 constant.numeric       1
 178 other                   
 178 constant.numeric       2
 178 other                   
 178 constant.numeric       3
 178 other                  )
 179 keyword.other          declare
 179 other                   -A map=([key]=value)
 180 keyword.other          typeset
 180 other                   -i num=
 180 constant.numeric       42
 181 keyword.other          alias
 181 other                   ll=
 181 string                 'ls -la'
 182 keyword.other          source
 182 other                   /dev/null
 183 other                  . /dev/null
 185 comment                # Builtins
 186 other                  eval 
 186 string                 'echo hello'
 187 other                  exec /bin/bash
 188 other                  trap 
 188 string                 'echo bye'
 188 other                   EXIT
 189 other                  test -f /etc/passwd
 190 other                  read -r line
 191 other                  printf 
 191 string                 "%s\\n"
 191 other                   
 191 string                 "hello"
 192 other                  wait 
 192 variable               $!
 193 other                  kill 
 193 constant.numeric       -9
 193 other                   
 193 variable               $$
 194 other                  jobs -l
 195 other                  fg %
 195 constant.numeric       1
 196 other                  bg %
 196 constant.numeric       1
 197 other                  cd /tmp
 198 other                  pwd
 199 other                  set -euo pipefail
 200 other                  unset name
 201 other                  shift
 202 other                  getopts 
 202 string                 "ab:"
 202 other                   opt
 203 other                  command ls
 204 other                  builtin echo
 205 other                  type ls
 206 other                  hash -r
 207 other                  ulimit -n
 208 other                  umask 
 208 constant.numeric       022
 209 other                  dirs
 210 other                  pushd /tmp
 211 other                  popd
 212 other                  disown %
 212 constant.numeric       1
 213 other                  let 
 213 string                 "x = 1 + 2"
 214 other                  exit 
 214 constant.numeric       0
 216 comment                # Functions
 217 keyword.other          function 
 217 method                 greet
 217 other                  () {
 218 other                      
 218 keyword.other          local
 218 other                   who=
 218 string                 "
 218 variable               ${1:-world}
 218 string                 "
 219 other                      echo 
 219 string                 "Hello, 
 219 variable               $who
 219 string                 "
 220 other                      
 220 keyword.control        return
 220 other                   
 220 constant.numeric       0
 221 other                  }
 223 method                 cleanup
 223 other                  () {
 224 other                      echo 
 224 string                 "done"
 225 other                  }
 227 other                  greet 
 227 string                 "shell"
 228 other                  cleanup
