   1 other                  {
   2 other                      
   2 comment                // Object with various value types
   3 other                      
   3 string                 "string"
   3 other                  : 
   3 string                 "Hello, world!"
   3 other                  , 
   3 comment                // string literal
   4 other                      
   4 string                 "numberInt"
   4 other                  : 
   4 constant.numeric       42
   4 other                  , 
   4 comment                // integer number
   5 other                      
   5 string                 "numberFloat"
   5 other                  : 
   5 constant.numeric       -3.14e+2
   5 other                  , 
   5 comment                // floating point with exponent
   6 other                      
   6 string                 "booleanTrue"
   6 other                  : 
   6 constant.language      true
   6 other                  , 
   6 comment                // boolean true
   7 other                      
   7 string                 "booleanFalse"
   7 other                  : 
   7 constant.language      false
   7 other                  , 
   7 comment                // boolean false
   8 other                      
   8 string                 "nullValue"
   8 other                  : 
   8 constant.language      null
   8 other                  , 
   8 comment                // null literal
   9 other                      
   9 string                 "array"
   9 other                  : [
  10 other                          
  10 string                 "item1"
  10 other                  , 
  10 comment                // string in array
  11 other                          
  11 constant.numeric       2
  11 other                  , 
  11 comment                // number in array
  12 other                          
  12 constant.language      false
  12 other                  , 
  12 comment                // boolean in array
  13 other                          
  13 constant.language      null
  13 other                  , 
  13 comment                // null in array
  14 other                          {
  15 other                              
  15 string                 "nested"
  15 other                  : 
  15 string                 "object"
  16 other                          } 
  16 comment                // object in array
  17 other                      ],
  18 other                      
  18 string                 "emptyObject"
  18 other                  : {}, 
  18 comment                // empty object
  19 other                      
  19 string                 "emptyArray"
  19 other                  : [], 
  19 comment                // empty array
  20 other                      
  20 comment                /* Multi-line comment:
  21 comment                         This is a block comment
  22 comment                         inside JSONC.
  23 comment                    */
  24 other                      
  24 string                 "unicodeString"
  24 other                  : 
  24 string                 "Emoji: \\uD83D\\uDE03"
  24 other                  , 
  24 comment                // Unicode escape
  25 other                      
  25 string                 "escapedChars"
  25 other                  : 
  25 string                 "Line1\\nLine2\\tTabbed\\\\Backslash\\"Quote"
  25 other                   
  25 comment                // Escaped characters
  26 other                  }
