{"line":1,"kind":"comment","text":"# Comments"}
{"line":2,"kind":"comment","text":"# Single-line comment"}
{"line":4,"kind":"comment","text":"# Numbers"}
{"line":5,"kind":"constant.numeric","text":"42"}
{"line":6,"kind":"constant.numeric","text":"3.14"}
{"line":7,"kind":"constant.numeric","text":".5"}
{"line":8,"kind":"constant.numeric","text":"1e10"}
{"line":9,"kind":"constant.numeric","text":"1.5e-3"}
{"line":10,"kind":"constant.numeric","text":"0xff"}
{"line":11,"kind":"constant.numeric","text":"0xFF"}
{"line":12,"kind":"constant.numeric","text":"0b1010"}
{"line":13,"kind":"constant.numeric","text":"0o77"}
{"line":14,"kind":"constant.numeric","text":"1_000_000"}
{"line":15,"kind":"constant.numeric","text":"3.14j"}
{"line":17,"kind":"comment","text":"# Constants"}
{"line":18,"kind":"constant.language","text":"True"}
{"line":19,"kind":"constant.language","text":"False"}
{"line":20,"kind":"constant.language","text":"None"}
{"line":22,"kind":"comment","text":"# Strings"}
{"line":23,"kind":"string","text":"'single quotes: \\' \\n \\t \\\\'"}
{"line":24,"kind":"string","text":"\"double quotes: \\\" \\n \\t \\\\\""}
{"line":26,"kind":"comment","text":"# Control flow keywords"}
{"line":27,"kind":"keyword.control","text":"if"}
{"line":27,"kind":"other","text":" "}
{"line":27,"kind":"constant.language","text":"True"}
{"line":27,"kind":"other","text":":"}
{"line":28,"kind":"other","text":"    "}
{"line":28,"kind":"keyword.control","text":"pass"}
{"line":29,"kind":"keyword.control","text":"elif"}
{"line":29,"kind":"other","text":" "}
{"line":29,"kind":"constant.language","text":"False"}
{"line":29,"kind":"other","text":":"}
{"line":30,"kind":"other","text":"    "}
{"line":30,"kind":"keyword.control","text":"pass"}
{"line":31,"kind":"keyword.control","text":"else"}
{"line":31,"kind":"other","text":":"}
{"line":32,"kind":"other","text":"    "}
{"line":32,"kind":"keyword.control","text":"pass"}
{"line":34,"kind":"keyword.control","text":"for"}
{"line":34,"kind":"other","text":" i "}
{"line":34,"kind":"keyword.other","text":"in"}
{"line":34,"kind":"other","text":" "}
{"line":34,"kind":"method","text":"range"}
{"line":34,"kind":"other","text":"("}
{"line":34,"kind":"constant.numeric","text":"10"}
{"line":34,"kind":"other","text":"):"}
{"line":35,"kind":"other","text":"    "}
{"line":35,"kind":"keyword.control","text":"if"}
{"line":35,"kind":"other","text":" i == "}
{"line":35,"kind":"constant.numeric","text":"5"}
{"line":35,"kind":"other","text":":"}
{"line":36,"kind":"other","text":"        "}
{"line":36,"kind":"keyword.control","text":"continue"}
{"line":37,"kind":"other","text":"    "}
{"line":37,"kind":"keyword.control","text":"if"}
{"line":37,"kind":"other","text":" i == "}
{"line":37,"kind":"constant.numeric","text":"8"}
{"line":37,"kind":"other","text":":"}
{"line":38,"kind":"other","text":"        "}
{"line":38,"kind":"keyword.control","text":"break"}
{"line":40,"kind":"keyword.control","text":"while"}
{"line":40,"kind":"other","text":" "}
{"line":40,"kind":"constant.language","text":"False"}
{"line":40,"kind":"other","text":":"}
{"line":41,"kind":"other","text":"    "}
{"line":41,"kind":"keyword.control","text":"pass"}
{"line":43,"kind":"keyword.control","text":"match"}
{"line":43,"kind":"other","text":" "}
{"line":43,"kind":"constant.numeric","text":"42"}
{"line":43,"kind":"other","text":":"}
{"line":44,"kind":"other","text":"    "}
{"line":44,"kind":"keyword.control","text":"case"}
{"line":44,"kind":"other","text":" "}
{"line":44,"kind":"constant.numeric","text":"1"}
{"line":44,"kind":"other","text":":"}
{"line":45,"kind":"other","text":"        "}
{"line":45,"kind":"keyword.control","text":"pass"}
{"line":46,"kind":"other","text":"    "}
{"line":46,"kind":"keyword.control","text":"case"}
{"line":46,"kind":"other","text":" "}
{"line":46,"kind":"constant.numeric","text":"_"}
{"line":46,"kind":"other","text":":"}
{"line":47,"kind":"other","text":"        "}
{"line":47,"kind":"keyword.control","text":"pass"}
{"line":49,"kind":"keyword.control","text":"try"}
{"line":49,"kind":"other","text":":"}
{"line":50,"kind":"other","text":"    "}
{"line":50,"kind":"keyword.control","text":"raise"}
{"line":50,"kind":"other","text":" "}
{"line":50,"kind":"method","text":"ValueError"}
{"line":50,"kind":"other","text":"("}
{"line":50,"kind":"string","text":"\"oops\""}
{"line":50,"kind":"other","text":")"}
{"line":51,"kind":"keyword.control","text":"except"}
{"line":51,"kind":"other","text":" ValueError "}
{"line":51,"kind":"keyword.other","text":"as"}
{"line":51,"kind":"other","text":" e:"}
{"line":52,"kind":"other","text":"    "}
{"line":52,"kind":"keyword.control","text":"pass"}
{"line":53,"kind":"keyword.control","text":"finally"}
{"line":53,"kind":"other","text":":"}
{"line":54,"kind":"other","text":"    "}
{"line":54,"kind":"keyword.control","text":"pass"}
{"line":56,"kind":"keyword.control","text":"with"}
{"line":56,"kind":"other","text":" "}
{"line":56,"kind":"method","text":"open"}
{"line":56,"kind":"other","text":"("}
{"line":56,"kind":"string","text":"\"/dev/null\""}
{"line":56,"kind":"other","text":") "}
{"line":56,"kind":"keyword.other","text":"as"}
{"line":56,"kind":"other","text":" f:"}
{"line":57,"kind":"other","text":"    "}
{"line":57,"kind":"keyword.control","text":"pass"}
{"line":59,"kind":"keyword.control","text":"return"}
{"line":59,"kind":"other","text":"  "}
{"line":59,"kind":"comment","text":"# (only valid inside a function)"}
{"line":61,"kind":"comment","text":"# Triple-quoted strings"}
{"line":62,"kind":"string","text":"\"\"\""}
{"line":63,"kind":"string","text":"Multi-line"}
{"line":64,"kind":"string","text":"docstring (double quotes)"}
{"line":65,"kind":"string","text":"\"\"\""}
{"line":67,"kind":"string","text":"'''"}
{"line":68,"kind":"string","text":"Multi-line"}
{"line":69,"kind":"string","text":"string (single quotes)"}
{"line":70,"kind":"string","text":"'''"}
{"line":72,"kind":"comment","text":"# Prefixed strings (f, r, b)"}
{"line":73,"kind":"other","text":"f"}
{"line":73,"kind":"string","text":"\"f-string: {1 + 2}\""}
{"line":74,"kind":"other","text":"r"}
{"line":74,"kind":"string","text":"\"raw string: \\n is literal\""}
{"line":75,"kind":"other","text":"b"}
{"line":75,"kind":"string","text":"\"byte string\""}
{"line":77,"kind":"comment","text":"# Decorators"}
{"line":78,"kind":"markup.link","text":"@staticmethod"}
{"line":79,"kind":"keyword.other","text":"def"}
{"line":79,"kind":"other","text":" "}
{"line":79,"kind":"method","text":"helper"}
{"line":79,"kind":"other","text":"():"}
{"line":80,"kind":"other","text":"    "}
{"line":80,"kind":"keyword.control","text":"pass"}
{"line":82,"kind":"markup.link","text":"@property"}
{"line":83,"kind":"keyword.other","text":"def"}
{"line":83,"kind":"other","text":" "}
{"line":83,"kind":"method","text":"name"}
{"line":83,"kind":"other","text":"(self):"}
{"line":84,"kind":"other","text":"    "}
{"line":84,"kind":"keyword.control","text":"return"}
{"line":84,"kind":"other","text":" self._name"}
{"line":86,"kind":"markup.link","text":"@custom_decorator"}
{"line":87,"kind":"keyword.other","text":"def"}
{"line":87,"kind":"other","text":" "}
{"line":87,"kind":"method","text":"decorated"}
{"line":87,"kind":"other","text":"():"}
{"line":88,"kind":"other","text":"    "}
{"line":88,"kind":"keyword.control","text":"pass"}
{"line":90,"kind":"comment","text":"# Other keywords (some are contextually reserved)"}
{"line":91,"kind":"keyword.other","text":"import"}
{"line":91,"kind":"other","text":" os"}
{"line":92,"kind":"keyword.other","text":"from"}
{"line":92,"kind":"other","text":" os "}
{"line":92,"kind":"keyword.other","text":"import"}
{"line":92,"kind":"other","text":" path"}
{"line":93,"kind":"keyword.other","text":"import"}
{"line":93,"kind":"other","text":" sys "}
{"line":93,"kind":"keyword.other","text":"as"}
{"line":93,"kind":"other","text":" system"}
{"line":95,"kind":"keyword.other","text":"def"}
{"line":95,"kind":"other","text":" "}
{"line":95,"kind":"method","text":"greet"}
{"line":95,"kind":"other","text":"(name):"}
{"line":96,"kind":"other","text":"    "}
{"line":96,"kind":"keyword.control","text":"return"}
{"line":96,"kind":"other","text":" "}
{"line":96,"kind":"string","text":"\"Hello, \""}
{"line":96,"kind":"other","text":" + name"}
{"line":98,"kind":"keyword.other","text":"async"}
{"line":98,"kind":"other","text":" "}
{"line":98,"kind":"keyword.other","text":"def"}
{"line":98,"kind":"other","text":" "}
{"line":98,"kind":"method","text":"fetch_data"}
{"line":98,"kind":"other","text":"():"}
{"line":99,"kind":"other","text":"    result = "}
{"line":99,"kind":"keyword.other","text":"await"}
{"line":99,"kind":"other","text":" "}
{"line":99,"kind":"method","text":"some_coroutine"}
{"line":99,"kind":"other","text":"()"}
{"line":100,"kind":"other","text":"    "}
{"line":100,"kind":"keyword.control","text":"return"}
{"line":100,"kind":"other","text":" result"}
{"line":102,"kind":"keyword.other","text":"class"}
{"line":102,"kind":"other","text":" Animal:"}
{"line":103,"kind":"other","text":"    count = "}
{"line":103,"kind":"constant.numeric","text":"0"}
{"line":105,"kind":"other","text":"    "}
{"line":105,"kind":"keyword.other","text":"def"}
{"line":105,"kind":"other","text":" __init__(self, name):"}
{"line":106,"kind":"other","text":"        self.name = name"}
{"line":107,"kind":"other","text":"        Animal.count += "}
{"line":107,"kind":"constant.numeric","text":"1"}
{"line":109,"kind":"other","text":"    "}
{"line":109,"kind":"keyword.other","text":"def"}
{"line":109,"kind":"other","text":" "}
{"line":109,"kind":"method","text":"speak"}
{"line":109,"kind":"other","text":"(self):"}
{"line":110,"kind":"other","text":"        "}
{"line":110,"kind":"keyword.control","text":"return"}
{"line":110,"kind":"other","text":" f"}
{"line":110,"kind":"string","text":"\"{self.name} speaks\""}
{"line":112,"kind":"keyword.other","text":"class"}
{"line":112,"kind":"other","text":" "}
{"line":112,"kind":"method","text":"Dog"}
{"line":112,"kind":"other","text":"(Animal):"}
{"line":113,"kind":"other","text":"    "}
{"line":113,"kind":"keyword.control","text":"pass"}
{"line":115,"kind":"keyword.other","text":"lambda"}
{"line":115,"kind":"other","text":" x: x + "}
{"line":115,"kind":"constant.numeric","text":"1"}
{"line":117,"kind":"other","text":"x = "}
{"line":117,"kind":"constant.numeric","text":"1"}
{"line":118,"kind":"keyword.other","text":"del"}
{"line":118,"kind":"other","text":" x"}
{"line":119,"kind":"keyword.other","text":"assert"}
{"line":119,"kind":"other","text":" "}
{"line":119,"kind":"constant.language","text":"True"}
{"line":120,"kind":"keyword.other","text":"not"}
{"line":120,"kind":"other","text":" "}
{"line":120,"kind":"constant.language","text":"False"}
{"line":121,"kind":"constant.language","text":"True"}
{"line":121,"kind":"other","text":" "}
{"line":121,"kind":"keyword.other","text":"and"}
{"line":121,"kind":"other","text":" "}
{"line":121,"kind":"constant.language","text":"False"}
{"line":122,"kind":"constant.language","text":"True"}
{"line":122,"kind":"other","text":" "}
{"line":122,"kind":"keyword.other","text":"or"}
{"line":122,"kind":"other","text":" "}
{"line":122,"kind":"constant.language","text":"False"}
{"line":123,"kind":"constant.numeric","text":"1"}
{"line":123,"kind":"other","text":" "}
{"line":123,"kind":"keyword.other","text":"is"}
{"line":123,"kind":"other","text":" "}
{"line":123,"kind":"constant.numeric","text":"1"}
{"line":124,"kind":"constant.numeric","text":"1"}
{"line":124,"kind":"other","text":" "}
{"line":124,"kind":"keyword.other","text":"is"}
{"line":124,"kind":"other","text":" "}
{"line":124,"kind":"keyword.other","text":"not"}
{"line":124,"kind":"other","text":" "}
{"line":124,"kind":"constant.numeric","text":"2"}
{"line":125,"kind":"constant.numeric","text":"1"}
{"line":125,"kind":"other","text":" "}
{"line":125,"kind":"keyword.other","text":"in"}
{"line":125,"kind":"other","text":" ["}
{"line":125,"kind":"constant.numeric","text":"1"}
{"line":125,"kind":"other","text":", "}
{"line":125,"kind":"constant.numeric","text":"2"}
{"line":125,"kind":"other","text":"]"}
{"line":127,"kind":"keyword.other","text":"global"}
{"line":127,"kind":"other","text":" _g"}
{"line":128,"kind":"keyword.other","text":"nonlocal"}
{"line":128,"kind":"other","text":"  "}
{"line":128,"kind":"comment","text":"# (only valid inside nested function)"}
{"line":130,"kind":"keyword.other","text":"def"}
{"line":130,"kind":"other","text":" "}
{"line":130,"kind":"method","text":"gen"}
{"line":130,"kind":"other","text":"():"}
{"line":131,"kind":"other","text":"    "}
{"line":131,"kind":"keyword.other","text":"yield"}
{"line":131,"kind":"other","text":" "}
{"line":131,"kind":"constant.numeric","text":"1"}
{"line":132,"kind":"other","text":"    "}
{"line":132,"kind":"keyword.other","text":"yield"}
{"line":132,"kind":"other","text":" "}
{"line":132,"kind":"keyword.other","text":"from"}
{"line":132,"kind":"other","text":" ["}
{"line":132,"kind":"constant.numeric","text":"2"}
{"line":132,"kind":"other","text":", "}
{"line":132,"kind":"constant.numeric","text":"3"}
{"line":132,"kind":"other","text":"]"}
{"line":134,"kind":"keyword.other","text":"type"}
{"line":134,"kind":"other","text":" Alias = int"}
{"line":136,"kind":"comment","text":"# Function calls"}
{"line":137,"kind":"method","text":"print"}
{"line":137,"kind":"other","text":"("}
{"line":137,"kind":"string","text":"\"hello\""}
{"line":137,"kind":"other","text":")"}
{"line":138,"kind":"method","text":"len"}
{"line":138,"kind":"other","text":"(["}
{"line":138,"kind":"constant.numeric","text":"1"}
{"line":138,"kind":"other","text":", "}
{"line":138,"kind":"constant.numeric","text":"2"}
{"line":138,"kind":"other","text":", "}
{"line":138,"kind":"constant.numeric","text":"3"}
{"line":138,"kind":"other","text":"])"}
{"line":139,"kind":"method","text":"list"}
{"line":139,"kind":"other","text":"("}
{"line":139,"kind":"method","text":"range"}
{"line":139,"kind":"other","text":"("}
{"line":139,"kind":"constant.numeric","text":"10"}
{"line":139,"kind":"other","text":"))"}
{"line":140,"kind":"method","text":"greet"}
{"line":140,"kind":"other","text":"("}
{"line":140,"kind":"string","text":"\"world\""}
{"line":140,"kind":"other","text":")"}
{"line":141,"kind":"method","text":"int"}
{"line":141,"kind":"other","text":"("}
{"line":141,"kind":"string","text":"\"42\""}
{"line":141,"kind":"other","text":")"}
{"line":142,"kind":"string","text":"\"hello\""}
{"line":142,"kind":"other","text":"."}
{"line":142,"kind":"method","text":"upper"}
{"line":142,"kind":"other","text":"()"}
