{"line":1,"kind":"comment","text":"// LSH definition example"}
{"line":2,"kind":"other","text":"#[display_name = "}
{"line":2,"kind":"string","text":"\"Demo\""}
{"line":2,"kind":"other","text":"]"}
{"line":3,"kind":"other","text":"#[line_comment = "}
{"line":3,"kind":"string","text":"\"#\""}
{"line":3,"kind":"other","text":"]"}
{"line":4,"kind":"other","text":"#[path = "}
{"line":4,"kind":"string","text":"\"**/*.demo\""}
{"line":4,"kind":"other","text":"]"}
{"line":5,"kind":"keyword.other","text":"pub"}
{"line":5,"kind":"other","text":" "}
{"line":5,"kind":"keyword.other","text":"fn"}
{"line":5,"kind":"other","text":" demo() {"}
{"line":6,"kind":"other","text":"    "}
{"line":6,"kind":"keyword.control","text":"until"}
{"line":6,"kind":"other","text":" "}
{"line":6,"kind":"string","text":"/$/"}
{"line":6,"kind":"other","text":" {"}
{"line":7,"kind":"other","text":"        "}
{"line":7,"kind":"keyword.other","text":"yield"}
{"line":7,"kind":"other","text":" "}
{"line":7,"kind":"markup.link","text":"other"}
{"line":7,"kind":"other","text":";"}
{"line":9,"kind":"other","text":"        "}
{"line":9,"kind":"keyword.control","text":"if"}
{"line":9,"kind":"other","text":" "}
{"line":9,"kind":"string","text":"/#.*/"}
{"line":9,"kind":"other","text":" {"}
{"line":10,"kind":"other","text":"            "}
{"line":10,"kind":"keyword.other","text":"yield"}
{"line":10,"kind":"other","text":" "}
{"line":10,"kind":"markup.link","text":"comment"}
{"line":10,"kind":"other","text":";"}
{"line":11,"kind":"other","text":"        } "}
{"line":11,"kind":"keyword.control","text":"else"}
{"line":11,"kind":"other","text":" "}
{"line":11,"kind":"keyword.control","text":"if"}
{"line":11,"kind":"other","text":" "}
{"line":11,"kind":"string","text":"/\\d+/"}
{"line":11,"kind":"other","text":" {"}
{"line":12,"kind":"other","text":"            "}
{"line":12,"kind":"keyword.other","text":"yield"}
{"line":12,"kind":"other","text":" "}
{"line":12,"kind":"markup.link","text":"constant.numeric"}
{"line":12,"kind":"other","text":";"}
{"line":13,"kind":"other","text":"        }"}
{"line":14,"kind":"other","text":"    }"}
{"line":15,"kind":"other","text":"}"}
