   1 comment                # Single-line comment
   3 variable               title
   3 other                   = 
   3 string                 "TOML Example"
   4 variable               enabled
   4 other                   = 
   4 constant.language      true
   5 variable               count
   5 other                   = 
   5 constant.numeric       42
   6 variable               pi
   6 other                   = 
   6 constant.numeric       3.14
   7 variable               hex
   7 other                   = 
   7 constant.numeric       0xff
   8 variable               when
   8 other                   = 
   8 constant.numeric       1979-05-27T07:32:00Z
  10 meta.header            [owner]
  11 variable               name
  11 other                   = 
  11 string                 "Tom"
  12 variable               dob
  12 other                   = 
  12 constant.numeric       1979-05-27
  14 meta.header            [[servers]]
  15 variable               ip
  15 other                   = 
  15 string                 "10.0.0.1"
  16 variable               role
  16 other                   = 
  16 string                 "frontend"
  18 meta.header            [[servers]]
  19 variable               ip
  19 other                   = 
  19 string                 "10.0.0.2"
  20 variable               role
  20 other                   = 
  20 string                 "backend"
  22 variable               multiline
  22 other                   = 
  22 string                 """
  23 string                 line one
  24 string                 line two
  25 string                 """
