   1 comment                // Line comment
   2 comment                //! Inner doc
   3 comment                /// Outer doc
   4 comment                /* block comment */
   6 keyword.other          use
   6 other                   std::collections::HashMap;
   8 keyword.other          const
   8 other                   MAX: 
   8 keyword.other          u32
   8 other                   = 
   8 constant.numeric       42
   8 other                  ;
  10 markup.link            #[derive(Clone, Debug)]
  11 keyword.other          pub
  11 other                   
  11 keyword.other          struct
  11 other                   Point<
  11 keyword.other          'a
  11 other                  > {
  12 other                      
  12 keyword.other          pub
  12 other                   name: &
  12 keyword.other          'a
  12 other                   
  12 keyword.other          str
  12 other                  ,
  13 other                      
  13 keyword.other          pub
  13 other                   value: 
  13 keyword.other          f64
  13 other                  ,
  14 other                  }
  16 keyword.other          fn
  16 other                   
  16 method                 main
  16 other                  () {
  17 other                      
  17 keyword.other          let
  17 other                   s = 
  17 string                 "hello"
  17 other                  ;
  18 other                      
  18 keyword.other          let
  18 other                   raw = 
  18 string                 r#"raw"#
  18 other                  ;
  19 other                      
  19 keyword.other          let
  19 other                   c = 
  19 string                 'x'
  19 other                  ;
  20 other                      
  20 keyword.other          let
  20 other                   n: 
  20 keyword.other          i64
  20 other                   = 
  20 constant.numeric       0xff_u32
  20 other                   
  20 keyword.control        as
  20 other                   
  20 keyword.other          i64
  20 other                  ;
  21 other                      
  21 keyword.other          let
  21 other                   v = 
  21 method                 vec
  21 other                  ![
  21 constant.numeric       1
  21 other                  , 
  21 constant.numeric       2
  21 other                  , 
  21 constant.numeric       3
  21 other                  ];
  23 other                      
  23 keyword.control        if
  23 other                   
  23 keyword.other          let
  23 other                   
  23 constant.language      Some
  23 other                  (x) = v.
  23 method                 first
  23 other                  () {
  24 other                          
  24 method                 println
  24 other                  !(
  24 string                 "{}"
  24 other                  , x);
  25 other                      } 
  25 keyword.control        else
  25 other                   {
  26 other                          
  26 keyword.control        return
  26 other                  ;
  27 other                      }
  29 other                      
  29 keyword.control        match
  29 other                   n {
  30 other                          
  30 constant.numeric       0
  30 other                   => (),
  31 other                          
  31 constant.numeric       _
  31 other                   => 
  31 method                 unreachable
  31 other                  !(),
  32 other                      }
  33 other                  }
