{"line":1,"kind":"comment","text":"# Single-line comment"}
{"line":3,"kind":"comment","text":"<#"}
{"line":4,"kind":"comment","text":"Multi-line"}
{"line":5,"kind":"comment","text":"comment"}
{"line":6,"kind":"comment","text":"#>"}
{"line":8,"kind":"keyword.other","text":"function"}
{"line":8,"kind":"other","text":" "}
{"line":8,"kind":"method","text":"Get-SampleData"}
{"line":8,"kind":"other","text":" {"}
{"line":9,"kind":"other","text":"    "}
{"line":9,"kind":"keyword.other","text":"param"}
{"line":9,"kind":"other","text":"("}
{"line":10,"kind":"other","text":"        [string]"}
{"line":10,"kind":"variable","text":"$Name"}
{"line":10,"kind":"other","text":" = "}
{"line":10,"kind":"string","text":"\"World\""}
{"line":10,"kind":"other","text":", "}
{"line":10,"kind":"comment","text":"# String literal, parameter"}
{"line":11,"kind":"other","text":"        [int]"}
{"line":11,"kind":"variable","text":"$Count"}
{"line":11,"kind":"other","text":" = "}
{"line":11,"kind":"constant.numeric","text":"3"}
{"line":12,"kind":"other","text":"    )"}
{"line":14,"kind":"other","text":"    "}
{"line":14,"kind":"variable","text":"$array"}
{"line":14,"kind":"other","text":" = @("}
{"line":14,"kind":"constant.numeric","text":"1"}
{"line":14,"kind":"other","text":", "}
{"line":14,"kind":"constant.numeric","text":"2"}
{"line":14,"kind":"other","text":", "}
{"line":14,"kind":"constant.numeric","text":"3"}
{"line":14,"kind":"other","text":") "}
{"line":14,"kind":"comment","text":"# Array literal"}
{"line":15,"kind":"other","text":"    "}
{"line":15,"kind":"variable","text":"$hashtable"}
{"line":15,"kind":"other","text":" = @{ Key1 = "}
{"line":15,"kind":"string","text":"'Value1'"}
{"line":15,"kind":"other","text":"; Key2 = "}
{"line":15,"kind":"constant.numeric","text":"42"}
{"line":15,"kind":"other","text":" } "}
{"line":15,"kind":"comment","text":"# Hashtable literal"}
{"line":17,"kind":"other","text":"    "}
{"line":17,"kind":"variable","text":"$nullVar"}
{"line":17,"kind":"other","text":" = "}
{"line":17,"kind":"constant.language","text":"$null"}
{"line":18,"kind":"other","text":"    "}
{"line":18,"kind":"variable","text":"$boolTrue"}
{"line":18,"kind":"other","text":" = "}
{"line":18,"kind":"constant.language","text":"$true"}
{"line":19,"kind":"other","text":"    "}
{"line":19,"kind":"variable","text":"$boolFalse"}
{"line":19,"kind":"other","text":" = "}
{"line":19,"kind":"constant.language","text":"$false"}
{"line":21,"kind":"other","text":"    "}
{"line":21,"kind":"variable","text":"$regexMatch"}
{"line":21,"kind":"other","text":" = "}
{"line":21,"kind":"string","text":"\"abc123\""}
{"line":21,"kind":"other","text":" -match "}
{"line":21,"kind":"string","text":"'\\d+'"}
{"line":21,"kind":"other","text":" "}
{"line":21,"kind":"comment","text":"# Regex literal"}
{"line":23,"kind":"other","text":"    "}
{"line":23,"kind":"keyword.control","text":"for"}
{"line":23,"kind":"other","text":" ("}
{"line":23,"kind":"variable","text":"$i"}
{"line":23,"kind":"other","text":" = "}
{"line":23,"kind":"constant.numeric","text":"0"}
{"line":23,"kind":"other","text":"; "}
{"line":23,"kind":"variable","text":"$i"}
{"line":23,"kind":"other","text":" -lt "}
{"line":23,"kind":"variable","text":"$Count"}
{"line":23,"kind":"other","text":"; "}
{"line":23,"kind":"variable","text":"$i"}
{"line":23,"kind":"other","text":"++) {"}
{"line":24,"kind":"other","text":"        "}
{"line":24,"kind":"method","text":"Write-Host"}
{"line":24,"kind":"other","text":" "}
{"line":24,"kind":"string","text":"\"Hello, $Name! Iteration: $i\""}
{"line":24,"kind":"other","text":" "}
{"line":24,"kind":"comment","text":"# Variable interpolation, string"}
{"line":25,"kind":"other","text":"    }"}
{"line":27,"kind":"other","text":"    "}
{"line":27,"kind":"keyword.control","text":"if"}
{"line":27,"kind":"other","text":" ("}
{"line":27,"kind":"variable","text":"$hashtable"}
{"line":27,"kind":"other","text":".Key2 -eq "}
{"line":27,"kind":"constant.numeric","text":"42"}
{"line":27,"kind":"other","text":") {"}
{"line":28,"kind":"other","text":"        "}
{"line":28,"kind":"method","text":"Write-Output"}
{"line":28,"kind":"other","text":" "}
{"line":28,"kind":"string","text":"\"Hashtable value is 42\""}
{"line":29,"kind":"other","text":"    }"}
{"line":30,"kind":"other","text":"    "}
{"line":30,"kind":"keyword.control","text":"elseif"}
{"line":30,"kind":"other","text":" ("}
{"line":30,"kind":"variable","text":"$hashtable"}
{"line":30,"kind":"other","text":".Key2 -gt "}
{"line":30,"kind":"constant.numeric","text":"40"}
{"line":30,"kind":"other","text":") {"}
{"line":31,"kind":"other","text":"        "}
{"line":31,"kind":"method","text":"Write-Output"}
{"line":31,"kind":"other","text":" "}
{"line":31,"kind":"string","text":"\"Hashtable value is greater than 40\""}
{"line":32,"kind":"other","text":"    }"}
{"line":33,"kind":"other","text":"    "}
{"line":33,"kind":"keyword.control","text":"else"}
{"line":33,"kind":"other","text":" {"}
{"line":34,"kind":"other","text":"        "}
{"line":34,"kind":"method","text":"Write-Output"}
{"line":34,"kind":"other","text":" "}
{"line":34,"kind":"string","text":"\"Hashtable value is less than or equal to 40\""}
{"line":35,"kind":"other","text":"    }"}
{"line":37,"kind":"other","text":"    "}
{"line":37,"kind":"keyword.control","text":"switch"}
{"line":37,"kind":"other","text":" ("}
{"line":37,"kind":"variable","text":"$Name"}
{"line":37,"kind":"other","text":") {"}
{"line":38,"kind":"other","text":"        "}
{"line":38,"kind":"string","text":"\"World\""}
{"line":38,"kind":"other","text":" { "}
{"line":38,"kind":"method","text":"Write-Host"}
{"line":38,"kind":"other","text":" "}
{"line":38,"kind":"string","text":"\"Default name used.\""}
{"line":38,"kind":"other","text":" }"}
{"line":39,"kind":"other","text":"        "}
{"line":39,"kind":"keyword.control","text":"default"}
{"line":39,"kind":"other","text":" { "}
{"line":39,"kind":"method","text":"Write-Host"}
{"line":39,"kind":"other","text":" "}
{"line":39,"kind":"string","text":"\"Custom name: $Name\""}
{"line":39,"kind":"other","text":" }"}
{"line":40,"kind":"other","text":"    }"}
{"line":42,"kind":"other","text":"    "}
{"line":42,"kind":"keyword.control","text":"try"}
{"line":42,"kind":"other","text":" {"}
{"line":43,"kind":"other","text":"        "}
{"line":43,"kind":"keyword.control","text":"throw"}
{"line":43,"kind":"other","text":" "}
{"line":43,"kind":"string","text":"\"An error occurred\""}
{"line":44,"kind":"other","text":"    }"}
{"line":45,"kind":"other","text":"    "}
{"line":45,"kind":"keyword.control","text":"catch"}
{"line":45,"kind":"other","text":" {"}
{"line":46,"kind":"other","text":"        "}
{"line":46,"kind":"method","text":"Write-Warning"}
{"line":46,"kind":"other","text":" "}
{"line":46,"kind":"variable","text":"$_"}
{"line":47,"kind":"other","text":"    }"}
{"line":48,"kind":"other","text":"    "}
{"line":48,"kind":"keyword.control","text":"finally"}
{"line":48,"kind":"other","text":" {"}
{"line":49,"kind":"other","text":"        "}
{"line":49,"kind":"method","text":"Write-Verbose"}
{"line":49,"kind":"other","text":" "}
{"line":49,"kind":"string","text":"\"Finally block executed\""}
{"line":50,"kind":"other","text":"    }"}
{"line":52,"kind":"other","text":"    "}
{"line":52,"kind":"variable","text":"$script:globalVar"}
{"line":52,"kind":"other","text":" = "}
{"line":52,"kind":"constant.numeric","text":"99"}
{"line":52,"kind":"other","text":" "}
{"line":52,"kind":"comment","text":"# Scope modifier"}
{"line":54,"kind":"other","text":"    "}
{"line":54,"kind":"comment","text":"# Here-String"}
{"line":55,"kind":"other","text":"    "}
{"line":55,"kind":"variable","text":"$hereString"}
{"line":55,"kind":"other","text":" = "}
{"line":55,"kind":"string","text":"@\""}
{"line":56,"kind":"string","text":"This is a here-string."}
{"line":57,"kind":"string","text":"Name: $Name"}
{"line":58,"kind":"string","text":"\"@"}
{"line":60,"kind":"other","text":"    "}
{"line":60,"kind":"keyword.control","text":"return"}
{"line":60,"kind":"other","text":" "}
{"line":60,"kind":"variable","text":"$hereString"}
{"line":61,"kind":"other","text":"}"}
{"line":63,"kind":"comment","text":"# Command invocation, pipeline, splatting"}
{"line":64,"kind":"variable","text":"$paramSplat"}
{"line":64,"kind":"other","text":" = @{"}
{"line":65,"kind":"other","text":"    Name  = "}
{"line":65,"kind":"string","text":"'PowerShell'"}
{"line":66,"kind":"other","text":"    Count = "}
{"line":66,"kind":"constant.numeric","text":"2"}
{"line":67,"kind":"other","text":"}"}
{"line":68,"kind":"method","text":"Get-SampleData"}
{"line":68,"kind":"other","text":" "}
{"line":68,"kind":"variable","text":"@paramSplat"}
{"line":68,"kind":"other","text":" | "}
{"line":68,"kind":"method","text":"Out-File"}
{"line":68,"kind":"other","text":" -FilePath "}
{"line":68,"kind":"string","text":"\"./output.txt\""}
{"line":70,"kind":"comment","text":"# Type literal, member access, method call"}
{"line":71,"kind":"other","text":"[System.DateTime]::Now.ToString("}
{"line":71,"kind":"string","text":"\"yyyy-MM-dd\""}
{"line":71,"kind":"other","text":")"}
{"line":73,"kind":"comment","text":"# Subexpression"}
{"line":74,"kind":"method","text":"Write-Host"}
{"line":74,"kind":"other","text":" "}
{"line":74,"kind":"string","text":"\"2 + 2 = $($array[0] + $array[1])\""}
{"line":76,"kind":"comment","text":"# Command substitution"}
{"line":77,"kind":"variable","text":"$pwdPath"}
{"line":77,"kind":"other","text":" = $("}
{"line":77,"kind":"method","text":"Get-Location"}
{"line":77,"kind":"other","text":").Path"}
{"line":78,"kind":"method","text":"Write-Host"}
{"line":78,"kind":"other","text":" "}
{"line":78,"kind":"string","text":"\"Current directory: $pwdPath\""}
