   1 other                  <?
   1 constant.language      xml
   1 other                   
   1 variable               version
   1 other                  =
   1 string                 "1.0"
   1 other                   
   1 variable               encoding
   1 other                  =
   1 string                 "UTF-8"
   1 other                   
   1 variable               standalone
   1 other                  =
   1 string                 "yes"
   1 other                  ?>
   2 other                  <!DOCTYPE root [
   3 other                    <!ENTITY custom "Custom Entity">
   4 other                  ]>
   5 comment                <!-- Root comment with special chars: <>&"' -->
   6 other                  <?
   6 constant.language      processing-instruction
   6 other                   
   6 variable               target
   6 other                  =
   6 string                 "value"
   6 other                  ?>
   7 other                  <
   7 constant.language      root
   7 other                   
   7 variable               xmlns
   7 other                  =
   7 string                 "http://default.namespace"
   7 other                   
   7 variable               xmlns:ns
   7 other                  =
   7 string                 "http://custom.namespace"
   7 other                  >
   8 other                    
   8 comment                <!-- Elements and attributes -->
   9 other                    <
   9 constant.language      element
   9 other                   
   9 variable               attribute
   9 other                  =
   9 string                 "value"
   9 other                   
   9 variable               ns:attr
   9 other                  =
   9 string                 'single-quoted'
   9 other                   
   9 variable               empty-attr
   9 other                  =
   9 string                 ""
   9 other                  >
  10 other                      <
  10 constant.language      self-closing
  10 other                   
  10 variable               id
  10 other                  =
  10 string                 "123"
  10 other                   />
  11 other                      <
  11 constant.language      nested
  11 other                  >Text 
  11 constant.numeric       &amp;
  11 other                   
  11 constant.numeric       &lt;
  11 other                   
  11 constant.numeric       &gt;
  11 other                   
  11 constant.numeric       &quot;
  11 other                   
  11 constant.numeric       &apos;
  11 other                   content</
  11 constant.language      nested
  11 other                  >
  12 other                      <
  12 constant.language      entity
  12 other                  >
  12 constant.numeric       &custom;
  12 other                  </
  12 constant.language      entity
  12 other                  >
  13 other                    </
  13 constant.language      element
  13 other                  >
  15 other                    
  15 comment                <!-- CDATA section -->
  16 other                    <
  16 constant.language      script
  16 other                  >
  16 string                 <![CDATA[
  17 string                     function test() {
  18 string                       return x < 10 && y > 5;
  19 string                     }
  20 string                   ]]>
  20 other                  </
  20 constant.language      script
  20 other                  >
  22 other                    
  22 comment                <!-- Mixed content -->
  23 other                    <
  23 constant.language      mixed
  23 other                  >Text before <
  23 constant.language      tag
  23 other                  >inline</
  23 constant.language      tag
  23 other                  > text after</
  23 constant.language      mixed
  23 other                  >
  25 other                    
  25 comment                <!-- Numeric character references -->
  26 other                    <
  26 constant.language      chars
  26 other                  >
  26 constant.numeric       &#65;
  26 other                   
  26 constant.numeric       &#x41;
  26 other                   
  26 constant.numeric       &#x1F600;
  26 other                  </
  26 constant.language      chars
  26 other                  >
  28 other                    
  28 comment                <!-- Edge cases -->
  29 other                    <
  29 constant.language      edge-cases
  29 other                  >
  30 other                      <
  30 constant.language      empty
  30 other                  ></
  30 constant.language      empty
  30 other                  >
  31 other                      <
  31 constant.language      whitespace
  31 other                  >   </
  31 constant.language      whitespace
  31 other                  >
  32 other                      <
  32 constant.language      special-chars
  32 other                  >!@#$%^*()_+-={}[]|\\:;"'
  32 constant.numeric       &lt;
  32 constant.numeric       &gt;
  32 other                  ,.</
  32 constant.language      special-chars
  32 other                  >
  33 other                    </
  33 constant.language      edge-cases
  33 other                  >
  35 other                    
  35 comment                <!-- Nested namespaces -->
  36 other                    <
  36 constant.language      ns:custom
  36 other                   
  36 variable               ns:id
  36 other                  =
  36 string                 "namespaced"
  36 other                  >
  37 other                      <
  37 constant.language      ns:child
  37 other                   />
  38 other                    </
  38 constant.language      ns:custom
  38 other                  >
  39 other                  </
  39 constant.language      root
  39 other                  >
