   1 comment                # This is a comment
   2 other                  ---
   3 other                  string: 
   3 string                 "Hello, world!"
   4 other                  plain: 
   4 string                 plainValue
   5 other                  multiline: |
   6 string                   This is a
   7 string                   true
   8 string                   multiline string.
   9 other                  folded: >
  10 string                   This is a
  11 string                   true
  12 string                   folded string.
  13 other                  number_int: 
  13 constant.numeric       42
  14 other                  number_float: 
  14 constant.numeric       3.1415
  15 other                  number_scientific: 
  15 constant.numeric       1.23e45
  16 other                  number_negative: 
  16 constant.numeric       -7
  17 other                  boolean_true: 
  17 constant.language      true
  18 other                  boolean_false: 
  18 constant.language      false
  19 other                  null_value: 
  19 constant.language      null
  20 other                  explicit_null: 
  20 constant.language      ~
  21 other                  date: 
  21 string                 2024-06-01
  22 other                  timestamp: 
  22 string                 2024-06-01T12:34:56Z
  23 other                  confusable_string_number: 
  23 string                 1.23e45 1.23e45 
  23 comment                # This is a comment
  24 other                  sequence:
  25 other                    - 
  25 string                 item1
  26 other                    - 
  26 string                 item2
  27 other                    - 
  27 constant.numeric       3
  28 other                    - 
  28 constant.language      true
  29 other                  mapping:
  30 other                    key1: 
  30 string                 value1
  31 other                    key2: 
  31 string                 value2
  32 other                  nested:
  33 other                    - name: 
  33 string                 Alice
  34 other                      age: 
  34 constant.numeric       30
  35 other                      married: 
  35 constant.language      false
  36 other                    - name: 
  36 string                 Bob
  37 other                      age: 
  37 constant.numeric       25
  38 other                      married: 
  38 constant.language      true
  39 other                  empty_sequence: 
  39 string                 [foo, 123, bar]
  40 other                  empty_mapping: 
  40 string                 { foo: bar }
  41 other                  literal_colon: 
  41 string                 "value:with:colons"
  42 other                  literal_dash: 
  42 string                 "-not-a-sequence"
  43 other                  special_chars: 
  43 string                 "Tab:\\t Newline:\\n Unicode:\\u2713"
