   1 markup.list            - 
   1 other                  top
   3 markup.list            - 
   3 other                  outer
   4 markup.list                - 
   4 markup.bold            **xboldindent4x**
   6 markup.list            - 
   6 other                  outer
   7 markup.list                    - 
   7 markup.bold            **xboldindent8x**
